INFO:     Started server process [26699]
INFO:     Waiting for application startup.
INFO:     Application startup complete.
INFO:     Uvicorn running on http://127.0.0.1:8766 (Press CTRL+C to quit)
INFO:     127.0.0.1:50841 - "GET /health HTTP/1.1" 200 OK
INFO:     127.0.0.1:50842 - "WebSocket /" [accepted]
INFO:     connection open
INFO:     final_commit reason=silero_end utterance_id=1 audio_seconds=1.760
INFO:     final_commit reason=punctuation utterance_id=2 audio_seconds=2.380
INFO:     final_commit reason=silero_end utterance_id=3 audio_seconds=1.660

Fetching 9 files:   0%|          | 0/9 [00:00<?, ?it/s]
Fetching 9 files: 100%|██████████| 9/9 [00:00<00:00, 84072.91it/s]
INFO:     final_commit reason=silero_end utterance_id=4 audio_seconds=1.980
INFO:     final_commit reason=punctuation utterance_id=5 audio_seconds=3.600
INFO:     final_commit reason=silero_end utterance_id=6 audio_seconds=2.000
INFO:     final_commit reason=punctuation utterance_id=7 audio_seconds=2.560
INFO:     final_commit reason=silero_end utterance_id=8 audio_seconds=1.440
INFO:     final_commit reason=silero_end utterance_id=9 audio_seconds=2.000
INFO:     final_commit reason=silero_end utterance_id=10 audio_seconds=3.780
INFO:     final_commit reason=silero_end utterance_id=11 audio_seconds=2.000
INFO:     final_commit reason=punctuation utterance_id=12 audio_seconds=3.020
INFO:     final_commit reason=silero_end utterance_id=13 audio_seconds=1.040
INFO:     final_commit reason=silero_end utterance_id=14 audio_seconds=1.980
INFO:     final_commit reason=punctuation utterance_id=15 audio_seconds=2.320
INFO:     final_commit reason=silero_end utterance_id=16 audio_seconds=1.760
INFO:     final_commit reason=silero_end utterance_id=17 audio_seconds=2.000
INFO:     final_commit reason=punctuation utterance_id=18 audio_seconds=2.360
INFO:     final_commit reason=silero_end utterance_id=19 audio_seconds=1.660
INFO:     final_commit reason=silero_end utterance_id=20 audio_seconds=2.000
INFO:     final_commit reason=punctuation utterance_id=21 audio_seconds=3.760
INFO:     final_commit reason=silero_end utterance_id=22 audio_seconds=2.000
INFO:     final_commit reason=punctuation utterance_id=23 audio_seconds=3.620
INFO:     final_commit reason=silero_end utterance_id=24 audio_seconds=1.980
INFO:     final_commit reason=punctuation utterance_id=25 audio_seconds=2.360
INFO:     final_commit reason=silero_end utterance_id=26 audio_seconds=1.660
INFO:     final_commit reason=silero_end utterance_id=27 audio_seconds=2.000
INFO:     final_commit reason=punctuation utterance_id=28 audio_seconds=2.340
INFO:     final_commit reason=silero_end utterance_id=29 audio_seconds=1.700
INFO:     final_commit reason=silero_end utterance_id=30 audio_seconds=2.000
INFO:     final_commit reason=punctuation utterance_id=31 audio_seconds=2.360
INFO:     final_commit reason=silero_end utterance_id=32 audio_seconds=1.680
INFO:     final_commit reason=silero_end utterance_id=33 audio_seconds=2.000
INFO:     final_commit reason=punctuation utterance_id=34 audio_seconds=2.320
INFO:     final_commit reason=silero_end utterance_id=35 audio_seconds=1.740
INFO:     final_commit reason=silero_end utterance_id=36 audio_seconds=1.980
INFO:     final_commit reason=punctuation utterance_id=37 audio_seconds=2.360
INFO:     final_commit reason=silero_end utterance_id=38 audio_seconds=1.660
INFO:     final_commit reason=silero_end utterance_id=39 audio_seconds=2.000
INFO:     final_commit reason=punctuation utterance_id=40 audio_seconds=2.340
INFO:     final_commit reason=silero_end utterance_id=41 audio_seconds=1.700
INFO:     final_commit reason=silero_end utterance_id=42 audio_seconds=2.000
INFO:     final_commit reason=punctuation utterance_id=43 audio_seconds=2.380
INFO:     final_commit reason=silero_end utterance_id=44 audio_seconds=1.680
INFO:     final_commit reason=silero_end utterance_id=45 audio_seconds=2.000
INFO:     final_commit reason=punctuation utterance_id=46 audio_seconds=2.360
INFO:     final_commit reason=silero_end utterance_id=47 audio_seconds=1.660
INFO:     final_commit reason=silero_end utterance_id=48 audio_seconds=1.980
INFO:     final_commit reason=punctuation utterance_id=49 audio_seconds=2.440
INFO:     final_commit reason=silero_end utterance_id=50 audio_seconds=1.620
INFO:     final_commit reason=silero_end utterance_id=51 audio_seconds=2.000
INFO:     final_commit reason=punctuation utterance_id=52 audio_seconds=2.360
INFO:     final_commit reason=silero_end utterance_id=53 audio_seconds=1.660
INFO:     final_commit reason=silero_end utterance_id=54 audio_seconds=2.000
INFO:     final_commit reason=punctuation utterance_id=55 audio_seconds=2.420
INFO:     final_commit reason=silero_end utterance_id=56 audio_seconds=1.640
INFO:     final_commit reason=silero_end utterance_id=57 audio_seconds=2.000
INFO:     final_commit reason=punctuation utterance_id=58 audio_seconds=2.360
INFO:     final_commit reason=silero_end utterance_id=59 audio_seconds=1.660
INFO:     final_commit reason=silero_end utterance_id=60 audio_seconds=1.980
INFO:     final_commit reason=punctuation utterance_id=61 audio_seconds=2.320
INFO:     final_commit reason=silero_end utterance_id=62 audio_seconds=1.760
INFO:     final_commit reason=silero_end utterance_id=63 audio_seconds=2.000
INFO:     final_commit reason=punctuation utterance_id=64 audio_seconds=2.340
INFO:     final_commit reason=silero_end utterance_id=65 audio_seconds=1.700
INFO:     final_commit reason=silero_end utterance_id=66 audio_seconds=2.000
INFO:     final_commit reason=punctuation utterance_id=67 audio_seconds=2.360
INFO:     final_commit reason=silero_end utterance_id=68 audio_seconds=1.680
INFO:     final_commit reason=silero_end utterance_id=69 audio_seconds=2.000
INFO:     final_commit reason=punctuation utterance_id=70 audio_seconds=2.360
INFO:     final_commit reason=silero_end utterance_id=71 audio_seconds=1.660
INFO:     final_commit reason=silero_end utterance_id=72 audio_seconds=1.980
INFO:     final_commit reason=punctuation utterance_id=73 audio_seconds=2.320
INFO:     final_commit reason=silero_end utterance_id=74 audio_seconds=1.760
INFO:     final_commit reason=silero_end utterance_id=75 audio_seconds=2.000
INFO:     final_commit reason=punctuation utterance_id=76 audio_seconds=2.380
INFO:     final_commit reason=silero_end utterance_id=77 audio_seconds=1.660
INFO:     final_commit reason=silero_end utterance_id=78 audio_seconds=2.000
INFO:     final_commit reason=punctuation utterance_id=79 audio_seconds=2.380
INFO:     final_commit reason=silero_end utterance_id=80 audio_seconds=1.680
INFO:     final_commit reason=silero_end utterance_id=81 audio_seconds=2.000
INFO:     final_commit reason=punctuation utterance_id=82 audio_seconds=2.360
INFO:     final_commit reason=silero_end utterance_id=83 audio_seconds=1.660
INFO:     final_commit reason=silero_end utterance_id=84 audio_seconds=1.980
INFO:     final_commit reason=punctuation utterance_id=85 audio_seconds=2.360
INFO:     final_commit reason=silero_end utterance_id=86 audio_seconds=1.660
INFO:     final_commit reason=silero_end utterance_id=87 audio_seconds=2.000
INFO:     final_commit reason=punctuation utterance_id=88 audio_seconds=2.360
INFO:     final_commit reason=silero_end utterance_id=89 audio_seconds=1.660
INFO:     final_commit reason=silero_end utterance_id=90 audio_seconds=2.000
INFO:     final_commit reason=punctuation utterance_id=91 audio_seconds=2.320
INFO:     final_commit reason=silero_end utterance_id=92 audio_seconds=1.700
INFO:     final_commit reason=silero_end utterance_id=93 audio_seconds=2.000
INFO:     final_commit reason=punctuation utterance_id=94 audio_seconds=2.320
INFO:     final_commit reason=silero_end utterance_id=95 audio_seconds=1.740
INFO:     final_commit reason=silero_end utterance_id=96 audio_seconds=1.980
INFO:     final_commit reason=punctuation utterance_id=97 audio_seconds=2.300
INFO:     final_commit reason=silero_end utterance_id=98 audio_seconds=1.780
INFO:     final_commit reason=silero_end utterance_id=99 audio_seconds=2.000
INFO:     final_commit reason=punctuation utterance_id=100 audio_seconds=2.360
INFO:     final_commit reason=silero_end utterance_id=101 audio_seconds=1.660
mx.metal.clear_cache is deprecated and will be removed in a future version. Use mx.clear_cache instead.
INFO:     final_commit reason=silero_end utterance_id=102 audio_seconds=1.900
INFO:     final_commit reason=punctuation utterance_id=103 audio_seconds=2.320
INFO:     final_commit reason=silero_end utterance_id=104 audio_seconds=1.700
INFO:     final_commit reason=silero_end utterance_id=105 audio_seconds=2.000
INFO:     final_commit reason=silero_end utterance_id=106 audio_seconds=3.760
INFO:     final_commit reason=punctuation utterance_id=107 audio_seconds=1.500
INFO:     final_commit reason=punctuation utterance_id=109 audio_seconds=3.240
INFO:     final_commit reason=silero_end utterance_id=111 audio_seconds=2.000
INFO:     final_commit reason=punctuation utterance_id=112 audio_seconds=2.340
INFO:     final_commit reason=silero_end utterance_id=113 audio_seconds=1.700
INFO:     final_commit reason=silero_end utterance_id=114 audio_seconds=2.000
INFO:     final_commit reason=punctuation utterance_id=115 audio_seconds=2.800
INFO:     final_commit reason=silero_end utterance_id=116 audio_seconds=1.260
INFO:     final_commit reason=silero_end utterance_id=117 audio_seconds=2.000
INFO:     final_commit reason=punctuation utterance_id=118 audio_seconds=2.880
INFO:     final_commit reason=silero_end utterance_id=119 audio_seconds=1.100
INFO:     final_commit reason=silero_end utterance_id=120 audio_seconds=1.980
INFO:     final_commit reason=punctuation utterance_id=121 audio_seconds=2.380
INFO:     final_commit reason=silero_end utterance_id=122 audio_seconds=1.660
INFO:     final_commit reason=silero_end utterance_id=123 audio_seconds=2.000
INFO:     final_commit reason=punctuation utterance_id=124 audio_seconds=2.380
INFO:     final_commit reason=silero_end utterance_id=125 audio_seconds=1.660
INFO:     final_commit reason=silero_end utterance_id=126 audio_seconds=2.000
INFO:     final_commit reason=punctuation utterance_id=127 audio_seconds=2.340
INFO:     final_commit reason=silero_end utterance_id=128 audio_seconds=1.700
INFO:     final_commit reason=silero_end utterance_id=129 audio_seconds=2.000
INFO:     final_commit reason=punctuation utterance_id=130 audio_seconds=2.360
INFO:     final_commit reason=silero_end utterance_id=131 audio_seconds=1.660
INFO:     final_commit reason=silero_end utterance_id=132 audio_seconds=1.980
INFO:     final_commit reason=punctuation utterance_id=133 audio_seconds=2.340
INFO:     final_commit reason=silero_end utterance_id=134 audio_seconds=1.660
INFO:     final_commit reason=silero_end utterance_id=135 audio_seconds=2.000
INFO:     final_commit reason=punctuation utterance_id=136 audio_seconds=2.340
INFO:     final_commit reason=silero_end utterance_id=137 audio_seconds=1.700
INFO:     final_commit reason=silero_end utterance_id=138 audio_seconds=2.000
INFO:     final_commit reason=punctuation utterance_id=139 audio_seconds=2.340
INFO:     final_commit reason=silero_end utterance_id=140 audio_seconds=1.700
INFO:     final_commit reason=silero_end utterance_id=141 audio_seconds=2.000
INFO:     final_commit reason=silero_end utterance_id=142 audio_seconds=3.760
INFO:     final_commit reason=punctuation utterance_id=143 audio_seconds=1.640
INFO:     connection closed
