INFO:     Started server process [89670]
INFO:     Waiting for application startup.

Fetching 9 files:   0%|          | 0/9 [00:00<?, ?it/s]
Fetching 9 files: 100%|██████████| 9/9 [00:00<00:00, 152828.89it/s]
INFO:     Application startup complete.
INFO:     Uvicorn running on http://127.0.0.1:8766 (Press CTRL+C to quit)
INFO:     127.0.0.1:60118 - "GET /health HTTP/1.1" 200 OK
INFO:     127.0.0.1:60119 - "WebSocket /" [accepted]
INFO:     connection open
INFO:     final_commit reason=punctuation utterance_id=1 audio_seconds=3.200
INFO:     final_commit reason=silero_end utterance_id=2 audio_seconds=2.680
INFO:     final_commit reason=punctuation utterance_id=3 audio_seconds=4.600
INFO:     final_commit reason=silero_end utterance_id=4 audio_seconds=1.500
INFO:     final_commit reason=punctuation utterance_id=5 audio_seconds=4.720
INFO:     final_commit reason=silero_end utterance_id=6 audio_seconds=1.360
INFO:     final_commit reason=punctuation utterance_id=7 audio_seconds=4.800
INFO:     final_commit reason=silero_end utterance_id=8 audio_seconds=1.320
INFO:     final_commit reason=punctuation utterance_id=9 audio_seconds=4.840
INFO:     final_commit reason=silero_end utterance_id=10 audio_seconds=1.300
INFO:     final_commit reason=punctuation utterance_id=11 audio_seconds=4.740
INFO:     final_commit reason=silero_end utterance_id=12 audio_seconds=1.340
INFO:     final_commit reason=punctuation utterance_id=13 audio_seconds=4.700
INFO:     final_commit reason=silero_end utterance_id=14 audio_seconds=1.380
INFO:     final_commit reason=punctuation utterance_id=15 audio_seconds=4.780
INFO:     final_commit reason=silero_end utterance_id=16 audio_seconds=1.360
INFO:     final_commit reason=punctuation utterance_id=17 audio_seconds=4.820
INFO:     final_commit reason=silero_end utterance_id=18 audio_seconds=1.300
INFO:     final_commit reason=silero_end utterance_id=19 audio_seconds=5.820
INFO:     final_commit reason=silero_end utterance_id=20 audio_seconds=5.840
INFO:     final_commit reason=silero_end utterance_id=21 audio_seconds=5.840
INFO:     final_commit reason=silero_end utterance_id=22 audio_seconds=5.840
INFO:     final_commit reason=silero_end utterance_id=23 audio_seconds=5.820
INFO:     final_commit reason=silero_end utterance_id=24 audio_seconds=5.760
