INFO:     Started server process [18179]
INFO:     Waiting for application startup.
Warning: You are sending unauthenticated requests to the HF Hub. Please set a HF_TOKEN to enable higher rate limits and faster downloads.
INFO:     Application startup complete.
INFO:     Uvicorn running on http://127.0.0.1:8766 (Press CTRL+C to quit)
INFO:     127.0.0.1:54451 - "GET /health HTTP/1.1" 200 OK
INFO:     127.0.0.1:54452 - "WebSocket /" [accepted]
INFO:     connection open

Fetching 9 files:   0%|          | 0/9 [00:00<?, ?it/s]
Fetching 9 files: 100%|██████████| 9/9 [00:00<00:00, 108473.38it/s]
INFO:     final_commit reason=silero_end utterance_id=1 audio_seconds=5.500
/Users/ed/cursor-worker/retreater/app/backend/.venv/lib/python3.13/site-packages/transformers/audio_utils.py:821: UserWarning: At least one mel filter has all zero values. The value for `num_mel_filters` (128) may be set too high. Or, the value for `num_frequency_bins` (257) may be set too low.
  warnings.warn(
INFO:     final_commit reason=silero_end utterance_id=2 audio_seconds=5.720
INFO:     final_commit reason=silero_end utterance_id=3 audio_seconds=5.740
INFO:     final_commit reason=silero_end utterance_id=4 audio_seconds=5.740
INFO:     final_commit reason=silero_end utterance_id=5 audio_seconds=5.740
INFO:     final_commit reason=silero_end utterance_id=6 audio_seconds=5.720
INFO:     final_commit reason=silero_end utterance_id=7 audio_seconds=5.740
INFO:     final_commit reason=silero_end utterance_id=8 audio_seconds=5.740
INFO:     final_commit reason=silero_end utterance_id=9 audio_seconds=5.740
INFO:     final_commit reason=silero_end utterance_id=10 audio_seconds=5.720
INFO:     final_commit reason=silero_end utterance_id=11 audio_seconds=5.740
INFO:     final_commit reason=silero_end utterance_id=12 audio_seconds=5.740
INFO:     final_commit reason=silero_end utterance_id=13 audio_seconds=5.740
INFO:     final_commit reason=silero_end utterance_id=14 audio_seconds=5.720
INFO:     final_commit reason=silero_end utterance_id=15 audio_seconds=4.240
